%!Adobe-FontList 1.14
%Locale:0x409

%BeginFont
Handler:DirectoryHandler
FontType:TrueType
FontName:Lekton-Bold
FamilyName:Lekton
StyleName:Bold
MenuName:Lekton
StyleBits:2
WeightClass:700
WidthClass:5
AngleClass:0
FullName:Lekton-Bold
WritingScript:Roman
OutlineFileName:\Lekton-Bold.ttf
DataFormat:sfntData
FileLength:113684
FileModTime:1377663644
%EndFont

%BeginFont
Handler:DirectoryHandler
FontType:TrueType
FontName:Lekton-Regular
FamilyName:Lekton
StyleName:Regular
MenuName:Lekton
StyleBits:0
WeightClass:400
WidthClass:5
AngleClass:0
FullName:Lekton
WritingScript:Roman
OutlineFileName:\Lekton-Regular.ttf
DataFormat:sfntData
FileLength:114320
FileModTime:1377663644
%EndFont

%BeginFont
Handler:DirectoryHandler
FontType:Type1
FontName:MinionPro-Regular
FamilyName:Minion Pro
StyleName:Regular
MenuName:Minion Pro
StyleBits:0
WeightClass:400
WidthClass:5
AngleClass:0
FullName:Minion Pro
WritingScript:Roman
OutlineFileName:\MinionPro-Regular.otf
DataFormat:sfntData
UsesStandardEncoding:yes
isCFF:yes
FileLength:217280
FileModTime:1373851966
DesignSize:110
%EndFont

%BeginFont
Handler:DirectoryHandler
FontType:Type1
FontName:Mix02-400wt
FamilyName:Mix02
StyleName:400 wt
MenuName:Mix02
StyleBits:0
WeightClass:400
WidthClass:5
AngleClass:0
FullName:Mix02 400 wt
WritingScript:Roman
OutlineFileName:\Mix02005.otf
DataFormat:sfntData
UsesStandardEncoding:yes
isCFF:yes
FileLength:51644
FileModTime:1347364574
%EndFont

%BeginFont
Handler:DirectoryHandler
FontType:Type1
FontName:Mix02Italic-400wt
FamilyName:Mix02Italic
StyleName:400 wt
MenuName:Mix02Italic
StyleBits:1
WeightClass:400
WidthClass:5
AngleClass:0
FullName:Mix02Italic 400 wt
WritingScript:Roman
OutlineFileName:\Mix02Italic005.otf
DataFormat:sfntData
UsesStandardEncoding:yes
isCFF:yes
FileLength:53420
FileModTime:1347365670
%EndFont

